[    0.000000] Initializing cgroup subsys cpuset
[    0.000000] Initializing cgroup subsys cpu
[    0.000000] Initializing cgroup subsys cpuacct
[    0.000000] Linux version 4.4.0-210-generic (buildd@lgw01-amd64-037) (gcc version 5.4.0 20160609 (Ubuntu 5.4.0-6ubuntu1~16.04.12) ) #242-Ubuntu SMP Fri Apr 16 09:57:00 UTC 2021 (Ubuntu 4.4.0-210.242-generic 4.4.262)
[    0.000000] KERNEL supported cpus:
[    0.000000]   Intel GenuineIntel
[    0.000000]   AMD AuthenticAMD
[    0.000000]   NSC Geode by NSC
[    0.000000]   Cyrix CyrixInstead
[    0.000000]   Centaur CentaurHauls
[    0.000000]   Transmeta GenuineTMx86
[    0.000000]   Transmeta TransmetaCPU
[    0.000000]   UMC UMC UMC UMC
[    0.000000] x86/fpu: xstate_offset[2]:  576, xstate_sizes[2]:  256
[    0.000000] x86/fpu: Supporting XSAVE feature 0x01: 'x87 floating point registers'
[    0.000000] x86/fpu: Supporting XSAVE feature 0x02: 'SSE registers'
[    0.000000] x86/fpu: Supporting XSAVE feature 0x04: 'AVX registers'
[    0.000000] x86/fpu: Enabled xstate features 0x7, context size is 832 bytes, using 'standard' format.
[    0.000000] e820: BIOS-provided physical RAM map:
[    0.000000] BIOS-e820: [mem 0x0000000000000000-0x000000000009fbff] usable
[    0.000000] BIOS-e820: [mem 0x000000000009fc00-0x000000000009ffff] reserved
[    0.000000] BIOS-e820: [mem 0x00000000000f0000-0x00000000000fffff] reserved
[    0.000000] BIOS-e820: [mem 0x0000000000100000-0x000000003ffeffff] usable
[    0.000000] BIOS-e820: [mem 0x000000003fff0000-0x000000003fffffff] ACPI data
[    0.000000] BIOS-e820: [mem 0x00000000fec00000-0x00000000fec00fff] reserved
[    0.000000] BIOS-e820: [mem 0x00000000fee00000-0x00000000fee00fff] reserved
[    0.000000] BIOS-e820: [mem 0x00000000fffc0000-0x00000000ffffffff] reserved
[    0.000000] NX (Execute Disable) protection: active
[    0.000000] SMBIOS 2.5 present.
[    0.000000] Hypervisor detected: KVM
[    0.000000] e820: last_pfn = 0x3fff0 max_arch_pfn = 0x1000000
[    0.000000] MTRR: Disabled
[    0.000000] x86/PAT: MTRRs disabled, skipping PAT initialization too.
[    0.000000] CPU MTRRs all blank - virtualized system.
[    0.000000] x86/PAT: Configuration [0-7]: WB  WT  UC- UC  WB  WT  UC- UC  
[    0.000000] found SMP MP-table at [mem 0x0009fff0-0x0009ffff] mapped at [c009fff0]
[    0.000000] Scanning 1 areas for low memory corruption
[    0.000000] RAMDISK: [mem 0x36256000-0x37122fff]
[    0.000000] ACPI: Early table checksum verification disabled
[    0.000000] ACPI: RSDP 0x00000000000E0000 000024 (v02 VBOX  )
[    0.000000] ACPI: XSDT 0x000000003FFF0030 00003C (v01 VBOX   VBOXXSDT 00000001 ASL  00000061)
[    0.000000] ACPI: FACP 0x000000003FFF00F0 0000F4 (v04 VBOX   VBOXFACP 00000001 ASL  00000061)
[    0.000000] ACPI: DSDT 0x000000003FFF0470 002325 (v02 VBOX   VBOXBIOS 00000002 INTL 20100528)
[    0.000000] ACPI: FACS 0x000000003FFF0200 000040
[    0.000000] ACPI: FACS 0x000000003FFF0200 000040
[    0.000000] ACPI: APIC 0x000000003FFF0240 00005C (v02 VBOX   VBOXAPIC 00000001 ASL  00000061)
[    0.000000] ACPI: SSDT 0x000000003FFF02A0 0001CC (v01 VBOX   VBOXCPUT 00000002 INTL 20100528)
[    0.000000] 131MB HIGHMEM available.
[    0.000000] 891MB LOWMEM available.
[    0.000000]   mapped low ram: 0 - 37bfe000
[    0.000000]   low ram: 0 - 37bfe000
[    0.000000] kvm-clock: Using msrs 4b564d01 and 4b564d00
[    0.000000] kvm-clock: cpu 0, msr 0:37bfd001, primary cpu clock
[    0.000000] kvm-clock: using sched offset of 4261629356 cycles
[    0.000000] clocksource: kvm-clock: mask: 0xffffffffffffffff max_cycles: 0x1cd42e4dffb, max_idle_ns: 881590591483 ns
[    0.000000] Zone ranges:
[    0.000000]   DMA      [mem 0x0000000000001000-0x0000000000ffffff]
[    0.000000]   Normal   [mem 0x0000000001000000-0x0000000037bfdfff]
[    0.000000]   HighMem  [mem 0x0000000037bfe000-0x000000003ffeffff]
[    0.000000] Movable zone start for each node
[    0.000000] Early memory node ranges
[    0.000000]   node   0: [mem 0x0000000000001000-0x000000000009efff]
[    0.000000]   node   0: [mem 0x0000000000100000-0x000000003ffeffff]
[    0.000000] Initmem setup node 0 [mem 0x0000000000001000-0x000000003ffeffff]
[    0.000000] Using APIC driver default
[    0.000000] ACPI: PM-Timer IO Port: 0x4008
[    0.000000] IOAPIC[0]: apic_id 2, version 32, address 0xfec00000, GSI 0-23
[    0.000000] ACPI: INT_SRC_OVR (bus 0 bus_irq 0 global_irq 2 dfl dfl)
[    0.000000] ACPI: INT_SRC_OVR (bus 0 bus_irq 9 global_irq 9 low level)
[    0.000000] Using ACPI (MADT) for SMP configuration information
[    0.000000] smpboot: Allowing 2 CPUs, 0 hotplug CPUs
[    0.000000] PM: Registered nosave memory: [mem 0x00000000-0x00000fff]
[    0.000000] PM: Registered nosave memory: [mem 0x0009f000-0x0009ffff]
[    0.000000] PM: Registered nosave memory: [mem 0x000a0000-0x000effff]
[    0.000000] PM: Registered nosave memory: [mem 0x000f0000-0x000fffff]
[    0.000000] e820: [mem 0x40000000-0xfebfffff] available for PCI devices
[    0.000000] Booting paravirtualized kernel on KVM
[    0.000000] clocksource: refined-jiffies: mask: 0xffffffff max_cycles: 0xffffffff, max_idle_ns: 7645519600211568 ns
[    0.000000] setup_percpu: NR_CPUS:8 nr_cpumask_bits:8 nr_cpu_ids:2 nr_node_ids:1
[    0.000000] PERCPU: Embedded 18 pages/cpu @f71b2000 s42956 r0 d30772 u73728
[    0.000000] Built 1 zonelists in Zone order, mobility grouping on.  Total pages: 259800
[    0.000000] Kernel command line: BOOT_IMAGE=/boot/vmlinuz-4.4.0-210-generic root=LABEL=cloudimg-rootfs ro console=tty1 console=ttyS0
[    0.000000] PID hash table entries: 4096 (order: 2, 16384 bytes)
[    0.000000] Dentry cache hash table entries: 131072 (order: 7, 524288 bytes)
[    0.000000] Inode-cache hash table entries: 65536 (order: 6, 262144 bytes)
[    0.000000] Initializing CPU#0
[    0.000000] Initializing HighMem for node 0 (00037bfe:0003fff0)
[    0.000000] Initializing Movable for node 0 (00000000:00000000)
[    0.000000] Memory: 1007596K/1048120K available (8151K kernel code, 787K rwdata, 3216K rodata, 944K init, 724K bss, 40524K reserved, 0K cma-reserved, 135112K highmem)
[    0.000000] virtual kernel memory layout:
[    0.000000]     fixmap  : 0xfff15000 - 0xfffff000   ( 936 kB)
[    0.000000]     pkmap   : 0xffc00000 - 0xffe00000   (2048 kB)
[    0.000000]     vmalloc : 0xf83fe000 - 0xffbfe000   ( 120 MB)
[    0.000000]     lowmem  : 0xc0000000 - 0xf7bfe000   ( 891 MB)
[    0.000000]       .init : 0xc1be2000 - 0xc1cce000   ( 944 kB)
[    0.000000]       .data : 0xc17f61b8 - 0xc1be0d40   (4010 kB)
[    0.000000]       .text : 0xc1000000 - 0xc17f61b8   (8152 kB)
[    0.000000] Checking if this processor honours the WP bit even in supervisor mode...Ok.
[    0.000000] SLUB: HWalign=64, Order=0-3, MinObjects=0, CPUs=2, Nodes=1
[    0.000000] Hierarchical RCU implementation.
[    0.000000] 	Build-time adjustment of leaf fanout to 32.
[    0.000000] 	RCU restricting CPUs from NR_CPUS=8 to nr_cpu_ids=2.
[    0.000000] RCU: Adjusting geometry for rcu_fanout_leaf=32, nr_cpu_ids=2
[    0.000000] NR_IRQS:2304 nr_irqs:440 16
[    0.000000] Console: colour VGA+ 80x25
[    0.000000] console [tty1] enabled
[    0.000000] console [ttyS0] enabled
[    0.000000] allocated 1048576 bytes of page_ext
[    0.000000] tsc: Detected 3191.996 MHz processor
[    0.260791] Calibrating delay loop (skipped) preset value.. 6383.99 BogoMIPS (lpj=12767984)
[    0.263228] pid_max: default: 32768 minimum: 301
[    0.264502] ACPI: Core revision 20150930
[    0.266728] ACPI: 2 ACPI AML tables successfully acquired and loaded
[    0.268620] Security Framework initialized
[    0.269875] Yama: becoming mindful.
[    0.270846] AppArmor: AppArmor initialized
[    0.272031] Mount-cache hash table entries: 2048 (order: 1, 8192 bytes)
[    0.274581] Mountpoint-cache hash table entries: 2048 (order: 1, 8192 bytes)
[    0.276462] Initializing cgroup subsys io
[    0.277553] Initializing cgroup subsys memory
[    0.278793] Initializing cgroup subsys devices
[    0.280106] Initializing cgroup subsys freezer
[    0.281307] Initializing cgroup subsys net_cls
[    0.282687] Initializing cgroup subsys perf_event
[    0.284008] Initializing cgroup subsys net_prio
[    0.285252] Initializing cgroup subsys hugetlb
[    0.286414] Initializing cgroup subsys pids
[    0.290112] mce: CPU supports 0 MCE banks
[    0.291790] Last level iTLB entries: 4KB 128, 2MB 8, 4MB 8
[    0.293276] Last level dTLB entries: 4KB 64, 2MB 0, 4MB 0, 1GB 4
[    0.294898] Spectre V1 : Mitigation: usercopy/swapgs barriers and __user pointer sanitization
[    0.297347] Spectre V2 : Mitigation: Full generic retpoline
[    0.299069] Spectre V2 : Spectre v2 / SpectreRSB mitigation: Filling RSB on context switch
[    0.301222] Speculative Store Bypass: Vulnerable
[    0.302445] SRBDS: Unknown: Dependent on hypervisor status
[    0.304013] MDS: Mitigation: Clear CPU buffers
[    0.309986] Freeing SMP alternatives memory: 36K
[    0.319521] ftrace: allocating 31668 entries in 62 pages
[    0.402024] smpboot: APIC(0) Converting physical 0 to logical package 0
[    0.404042] smpboot: Max logical packages: 1
[    0.405162] Enabling APIC mode:  Flat.  Using 1 I/O APICs
[    0.409002] ..TIMER: vector=0x30 apic1=0 pin1=2 apic2=-1 pin2=-1
[    0.520413] smpboot: CPU0: Intel(R) Core(TM) i5-6500 CPU @ 3.20GHz (family: 0x6, model: 0x5e, stepping: 0x3)
[    0.523722] Performance Events: unsupported p6 CPU model 94 no PMU driver, software events only.
[    0.537001] KVM setup paravirtual spinlock
[    0.539037] x86: Booting SMP configuration:
[    0.541431] .... node  #0, CPUs:      #1
[1266874885.447922] Initializing CPU#1
[    0.546710] kvm-clock: cpu 1, msr 0:37bfd041, secondary cpu clock
[    0.550358] mce: CPU supports 0 MCE banks
[    0.553054] x86: Booted up 1 node, 2 CPUs
[    0.554435] smpboot: Total of 2 processors activated (12767.98 BogoMIPS)
[    0.556678] devtmpfs: initialized
[    0.558170] evm: security.selinux
[    0.559145] evm: security.SMACK64
[    0.560093] evm: security.SMACK64EXEC
[    0.561130] evm: security.SMACK64TRANSMUTE
[    0.562457] evm: security.SMACK64MMAP
[    0.563489] evm: security.ima
[    0.564354] evm: security.capability
[    0.565685] clocksource: jiffies: mask: 0xffffffff max_cycles: 0xffffffff, max_idle_ns: 7645041785100000 ns
[    0.568124] futex hash table entries: 512 (order: 3, 32768 bytes)
[    0.569847] pinctrl core: initialized pinctrl subsystem
[    0.571242] RTC time: 18:09:51, date: 05/20/22
[    0.572731] NET: Registered protocol family 16
[    0.574118] EISA bus registered
[    0.585425] cpuidle: using governor ladder
[    0.597128] cpuidle: using governor menu
[    0.598244] PCCT header not found.
[    0.599303] ACPI: bus type PCI registered
[    0.600369] acpiphp: ACPI Hot Plug PCI Controller Driver version: 0.5
[    0.602484] PCI : PCI BIOS area is rw and x. Use pci=nobios if you want it NX.
[    0.604472] PCI: PCI BIOS revision 2.10 entry at 0xfda26, last bus=0
[    0.606247] PCI: Using configuration type 1 for base access
[    0.622601] ACPI: Added _OSI(Module Device)
[    0.623725] ACPI: Added _OSI(Processor Device)
[    0.624946] ACPI: Added _OSI(3.0 _SCP Extensions)
[    0.626177] ACPI: Added _OSI(Processor Aggregator Device)
[    0.628420] ACPI: Executed 1 blocks of module-level executable AML code
[    0.632615] ACPI: Interpreter enabled
[    0.633638] ACPI: (supports S0 S5)
[    0.634944] ACPI: Using IOAPIC for interrupt routing
[    0.652603] PCI: Using host bridge windows from ACPI; if necessary, use "pci=nocrs" and report a bug
[    0.659802] ACPI: PCI Root Bridge [PCI0] (domain 0000 [bus 00-ff])
[    0.661521] acpi PNP0A03:00: _OSC: OS supports [ASPM ClockPM Segments MSI]
[    0.663962] acpi PNP0A03:00: _OSC: not requesting OS control; OS requires [ExtendedConfig ASPM ClockPM MSI]
[    0.666712] acpi PNP0A03:00: fail to add MMCONFIG information, can't access extended PCI configuration space under this bridge.
[    0.670132] PCI host bridge to bus 0000:00
[    0.671541] pci_bus 0000:00: root bus resource [io  0x0000-0x0cf7 window]
[    0.673512] pci_bus 0000:00: root bus resource [io  0x0d00-0xffff window]
[    0.675430] pci_bus 0000:00: root bus resource [mem 0x000a0000-0x000bffff window]
[    0.677691] pci_bus 0000:00: root bus resource [mem 0x40000000-0xfdffffff window]
[    0.680304] pci_bus 0000:00: root bus resource [bus 00-ff]
[    0.684042] pci 0000:00:01.1: legacy IDE quirk: reg 0x10: [io  0x01f0-0x01f7]
[    0.685692] pci 0000:00:01.1: legacy IDE quirk: reg 0x14: [io  0x03f6]
[    0.687222] pci 0000:00:01.1: legacy IDE quirk: reg 0x18: [io  0x0170-0x0177]
[    0.689279] pci 0000:00:01.1: legacy IDE quirk: reg 0x1c: [io  0x0376]
[    0.714931] pci 0000:00:07.0: quirk: [io  0x4000-0x403f] claimed by PIIX4 ACPI
[    0.717007] pci 0000:00:07.0: quirk: [io  0x4100-0x410f] claimed by PIIX4 SMB
[    0.728595] ACPI: PCI Interrupt Link [LNKA] (IRQs 5 9 10 *11)
[    0.733330] ACPI: PCI Interrupt Link [LNKB] (IRQs 5 9 *10 11)
[    0.735581] ACPI: PCI Interrupt Link [LNKC] (IRQs 5 *9 10 11)
[    0.737900] ACPI: PCI Interrupt Link [LNKD] (IRQs 5 9 10 *11)
[    0.740206] ACPI: Enabled 2 GPEs in block 00 to 07
[    0.741880] vgaarb: setting as boot device: PCI:0000:00:02.0
[    0.743227] vgaarb: device added: PCI:0000:00:02.0,decodes=io+mem,owns=io+mem,locks=none
[    0.745374] vgaarb: loaded
[    0.746222] vgaarb: bridge control possible 0000:00:02.0
[    0.748017] SCSI subsystem initialized
[    0.749507] ACPI: bus type USB registered
[    0.750760] usbcore: registered new interface driver usbfs
[    0.752256] usbcore: registered new interface driver hub
[    0.753658] usbcore: registered new device driver usb
[    0.755683] PCI: Using ACPI for IRQ routing
[    0.757322] NetLabel: Initializing
[    0.758390] NetLabel:  domain hash size = 128
[    0.759856] NetLabel:  protocols = UNLABELED CIPSOv4
[    0.761510] NetLabel:  unlabeled traffic allowed by default
[    0.763352] amd_nb: Cannot enumerate AMD northbridges
[    0.764905] clocksource: Switched to clocksource kvm-clock
[    0.777939] AppArmor: AppArmor Filesystem Enabled
[    0.789106] pnp: PnP ACPI init
[    0.791405] pnp: PnP ACPI: found 3 devices
[    0.792621] PnPBIOS: Disabled by ACPI PNP
[    0.838229] clocksource: acpi_pm: mask: 0xffffff max_cycles: 0xffffff, max_idle_ns: 2085701024 ns
[    0.840985] NET: Registered protocol family 2
[    0.842381] TCP established hash table entries: 8192 (order: 3, 32768 bytes)
[    0.844468] TCP bind hash table entries: 8192 (order: 4, 65536 bytes)
[    0.846297] TCP: Hash tables configured (established 8192 bind 8192)
[    0.848398] UDP hash table entries: 512 (order: 2, 16384 bytes)
[    0.850125] UDP-Lite hash table entries: 512 (order: 2, 16384 bytes)
[    0.852097] NET: Registered protocol family 1
[    0.853531] pci 0000:00:00.0: Limiting direct PCI/PCI transfers
[    0.855612] pci 0000:00:01.0: Activating ISA DMA hang workarounds
[    0.857455] Unpacking initramfs...
[    1.160704] Freeing initrd memory: 15156K
[    1.161951] clocksource: tsc: mask: 0xffffffffffffffff max_cycles: 0x2e02c102f2b, max_idle_ns: 440795366816 ns
[    1.164393] platform rtc_cmos: registered platform RTC device (no PNP device found)
[    1.166447] Scanning for low memory corruption every 60 seconds
[    1.168363] audit: initializing netlink subsys (disabled)
[    1.169774] audit: type=2000 audit(1653070197.917:1): initialized
[    1.171553] Initialise system trusted keyring
[    1.173397] HugeTLB registered 2 MB page size, pre-allocated 0 pages
[    1.176144] zbud: loaded
[    1.177229] VFS: Disk quotas dquot_6.6.0
[    1.178527] VFS: Dquot-cache hash table entries: 1024 (order 0, 4096 bytes)
[    1.180437] squashfs: version 4.0 (2009/01/31) Phillip Lougher
[    1.182248] fuse init (API version 7.23)
[    1.183424] Key type big_key registered
[    1.184581] Allocating IMA MOK and blacklist keyrings.
[    1.189722] Key type asymmetric registered
[    1.191169] Asymmetric key parser 'x509' registered
[    1.192401] bounce: pool size: 64 pages
[    1.193550] Block layer SCSI generic (bsg) driver version 0.4 loaded (major 249)
[    1.195731] io scheduler noop registered
[    1.196758] io scheduler deadline registered (default)
[    1.198145] io scheduler cfq registered
[    1.199615] pci_hotplug: PCI Hot Plug PCI Core version: 0.5
[    1.201369] pciehp: PCI Express Hot Plug Controller Driver version: 0.4
[    1.203149] ACPI: AC Adapter [AC] (on-line)
[    1.204404] input: Power Button as /devices/LNXSYSTM:00/LNXPWRBN:00/input/input0
[    1.207017] ACPI: Power Button [PWRF]
[    1.208213] input: Sleep Button as /devices/LNXSYSTM:00/LNXSLPBN:00/input/input1
[    1.210298] ACPI: Sleep Button [SLPF]
[    1.211678] GHES: HEST is not enabled!
[    1.213028] isapnp: Scanning for PnP cards...
[    1.217154] Serial: 8250/16550 driver, 32 ports, IRQ sharing enabled
[    1.240060] 00:02: ttyS0 at I/O 0x3f8 (irq = 4, base_baud = 115200) is a 16550A
[    1.243181] Linux agpgart interface v0.103
[    1.245525] loop: module loaded
[    1.247143] scsi host0: ata_piix
[    1.248175] scsi host1: ata_piix
[    1.249199] ata1: PATA max UDMA/33 cmd 0x1f0 ctl 0x3f6 bmdma 0xd000 irq 14
[    1.250775] ata2: PATA max UDMA/33 cmd 0x170 ctl 0x376 bmdma 0xd008 irq 15
[    1.252700] libphy: Fixed MDIO Bus: probed
[    1.253818] tun: Universal TUN/TAP device driver, 1.6
[    1.255088] tun: (C) 1999-2004 Max Krasnyansky <maxk@qualcomm.com>
[    1.257272] PPP generic driver version 2.4.2
[    1.258664] ehci_hcd: USB 2.0 'Enhanced' Host Controller (EHCI) Driver
[    1.260383] ehci-pci: EHCI PCI platform driver
[    1.261675] ehci-platform: EHCI generic platform driver
[    1.263115] ohci_hcd: USB 1.1 'Open' Host Controller (OHCI) Driver
[    1.264636] ohci-pci: OHCI PCI platform driver
[    1.266256] ohci-platform: OHCI generic platform driver
[    1.267550] uhci_hcd: USB Universal Host Controller Interface driver
[    1.269153] i8042: PNP: PS/2 Controller [PNP0303:PS2K,PNP0f03:PS2M] at 0x60,0x64 irq 1,12
[    1.271877] serio: i8042 KBD port at 0x60,0x64 irq 1
[    1.273937] serio: i8042 AUX port at 0x60,0x64 irq 12
[    1.275304] mousedev: PS/2 mouse device common for all mice
[    1.277410] rtc_cmos rtc_cmos: rtc core: registered rtc_cmos as rtc0
[    1.279025] rtc_cmos rtc_cmos: alarms up to one day, 114 bytes nvram
[    1.280582] input: AT Translated Set 2 keyboard as /devices/platform/i8042/serio0/input/input2
[    1.283026] i2c /dev entries driver
[    1.284153] device-mapper: uevent: version 1.0.3
[    1.285399] device-mapper: ioctl: 4.34.0-ioctl (2015-10-28) initialised: dm-devel@redhat.com
[    1.287535] platform eisa.0: Probing EISA bus 0
[    1.288677] platform eisa.0: EISA: Cannot allocate resource for mainboard
[    1.291028] platform eisa.0: Cannot allocate resource for EISA slot 1
[    1.292530] platform eisa.0: Cannot allocate resource for EISA slot 2
[    1.294100] platform eisa.0: Cannot allocate resource for EISA slot 3
[    1.295590] platform eisa.0: Cannot allocate resource for EISA slot 4
[    1.297094] platform eisa.0: Cannot allocate resource for EISA slot 5
[    1.298815] platform eisa.0: Cannot allocate resource for EISA slot 6
[    1.300300] platform eisa.0: Cannot allocate resource for EISA slot 7
[    1.301825] platform eisa.0: Cannot allocate resource for EISA slot 8
[    1.303353] platform eisa.0: EISA: Detected 0 cards
[    1.304576] cpufreq-nforce2: No nForce2 chipset.
[    1.306299] ledtrig-cpu: registered to indicate activity on CPUs
[    1.308121] NET: Registered protocol family 10
[    1.309442] NET: Registered protocol family 17
[    1.310609] Key type dns_resolver registered
[    1.311885] Using IPI No-Shortcut mode
[    1.313316] registered taskstats version 1
[    1.314528] Loading compiled-in X.509 certificates
[    1.322918] Loaded X.509 cert 'Build time autogenerated kernel key: 20ac0ed02049a72ce76c079ea50dd43d3ac5969c'
[    1.326144] zswap: loaded using pool lzo/zbud
[    1.329671] Key type trusted registered
[    1.333908] Key type encrypted registered
[    1.335088] AppArmor: AppArmor sha1 policy hashing enabled
[    1.336479] ima: No TPM chip found, activating TPM-bypass!
[    1.339086] ima: Allocated hash algorithm: sha1
[    1.341014] evm: HMAC attrs: 0x1
[    1.342193]   Magic number: 6:24:191
[    1.343288] rtc_cmos rtc_cmos: setting system clock to 2022-05-20 18:09:52 UTC (1653070192)
[    1.345707] BIOS EDD facility v0.16 2004-Jun-25, 0 devices found
[    1.347123] EDD information not available.
[    1.591947] isapnp: No Plug & Play device found
[    1.593612] Freeing unused kernel memory: 944K
[    1.729493] Write protecting the kernel text: 8156k
[    1.730845] Write protecting the kernel read-only data: 3220k
[    1.732590] NX-protecting the kernel data: 6180k
Loading, please wait...
starting version 229
[    1.751324] random: systemd-udevd: uninitialized urandom read (16 bytes read, 0 bits of entropy available)
[    1.751620] random: udevadm: uninitialized urandom read (16 bytes read, 0 bits of entropy available)
[    1.756345] random: systemd-udevd: uninitialized urandom read (16 bytes read, 0 bits of entropy available)
[    1.759943] random: systemd-udevd: uninitialized urandom read (16 bytes read, 0 bits of entropy available)
[    1.763571] random: udevadm: uninitialized urandom read (16 bytes read, 0 bits of entropy available)
[    1.765971] random: udevadm: uninitialized urandom read (16 bytes read, 0 bits of entropy available)
[    1.766466] random: systemd-udevd: uninitialized urandom read (16 bytes read, 0 bits of entropy available)
[    1.784171] random: udevadm: uninitialized urandom read (16 bytes read, 0 bits of entropy available)
[    1.786705] random: udevadm: uninitialized urandom read (16 bytes read, 0 bits of entropy available)
[    1.789742] random: udevadm: uninitialized urandom read (16 bytes read, 0 bits of entropy available)
[    1.831511] Fusion MPT base driver 3.04.20
[    1.832732] Copyright (c) 1999-2008 LSI Corporation
[    1.847789] e1000: Intel(R) PRO/1000 Network Driver - version 7.3.21-k8-NAPI
[    1.849554] e1000: Copyright (c) 1999-2006 Intel Corporation.
[    1.856312] [drm] Initialized drm 1.1.0 20060810
[    1.874651] Fusion MPT SPI Host driver 3.04.20
[    1.918731] vboxvideo: loading out-of-tree module taints kernel.
[    1.920238] vboxvideo: module verification failed: signature and/or required key missing - tainting kernel
[    1.924267] vboxvideo: loading version 6.1.30 r148432
[    2.062356] input: ImExPS/2 Generic Explorer Mouse as /devices/platform/i8042/serio1/input/input4
[    2.303913] e1000 0000:00:03.0 eth0: (PCI:33MHz:32-bit) 02:4c:f1:9f:ae:47
[    2.305990] e1000 0000:00:03.0 eth0: Intel(R) PRO/1000 Network Connection
[    2.308617] mptbase: ioc0: Initiating bringup
[    2.310425] e1000 0000:00:03.0 enp0s3: renamed from eth0
[    2.374514] ioc0: LSI53C1030 A0: Capabilities={Initiator}
[    2.542664] scsi host2: ioc0: LSI53C1030 A0, FwRev=00000000h, Ports=1, MaxQ=256, IRQ=20
[    2.655378] scsi 2:0:0:0: Direct-Access     VBOX     HARDDISK         1.0  PQ: 0 ANSI: 5
[    2.665266] scsi target2:0:0: Beginning Domain Validation
[    2.665438] [drm] VRAM 01000000
[    2.665906] [TTM] Zone  kernel: Available graphics memory: 444310 kiB
[    2.665908] [TTM] Zone highmem: Available graphics memory: 511866 kiB
[    2.665910] [TTM] Initializing pool allocator
[    2.665921] [TTM] Initializing DMA pool allocator
[    2.697867] fbcon: vboxdrmfb (fb0) is primary device
[    2.701689] scsi target2:0:0: Domain Validation skipping write tests
[    2.701692] scsi target2:0:0: Ending Domain Validation
[    2.701844] scsi target2:0:0: asynchronous
[    2.713427] scsi 2:0:1:0: Direct-Access     VBOX     HARDDISK         1.0  PQ: 0 ANSI: 5
[    2.713436] scsi target2:0:1: Beginning Domain Validation
[    2.714978] scsi target2:0:1: Domain Validation skipping write tests
[    2.714979] scsi target2:0:1: Ending Domain Validation
[    2.715052] scsi target2:0:1: asynchronous
[    2.715086] Console: switching to colour frame buffer device 100x37
[    2.728435] vboxvideo 0000:00:02.0: fb0: vboxdrmfb frame buffer device
[    2.736505] sd 2:0:0:0: Attached scsi generic sg0 type 0
[    2.737602] sd 2:0:0:0: [sda] 83886080 512-byte logical blocks: (42.9 GB/40.0 GiB)
[    2.739637] sd 2:0:1:0: [sdb] 20480 512-byte logical blocks: (10.5 MB/10.0 MiB)
[    2.741530] sd 2:0:1:0: Attached scsi generic sg1 type 0
[    2.741687] sd 2:0:0:0: [sda] Write Protect is off
[    2.743967] sd 2:0:0:0: [sda] Incomplete mode parameter data
[    2.744108] sd 2:0:1:0: [sdb] Write Protect is off
[    2.744233] sd 2:0:1:0: [sdb] Incomplete mode parameter data
[    2.744235] sd 2:0:1:0: [sdb] Assuming drive cache: write through
[    2.748967] sd 2:0:0:0: [sda] Assuming drive cache: write through
[    2.749051] [drm] Initialized vboxvideo 1.0.0 20130823 for 0000:00:02.0 on minor 0
[    2.807939]  sda: sda1
[    2.808955] sd 2:0:1:0: [sdb] Attached SCSI disk
[    2.810876] sd 2:0:0:0: [sda] Attached SCSI disk
Begin: Loading essential drivers ... [    3.087658] md: linear personality registered for level -1
[    3.093576] md: multipath personality registered for level -4
[    3.099685] md: raid0 personality registered for level 0
[    3.107634] md: raid1 personality registered for level 1
[    3.183377] raid6: mmxx1    gen()  5159 MB/s
[    3.248980] raid6: mmxx2    gen()  6117 MB/s
[    3.317169] raid6: sse1x1   gen()  5357 MB/s
[    3.387830] raid6: sse1x2   gen()  5527 MB/s
[    3.452987] raid6: sse2x1   gen() 10324 MB/s
[    3.521107] raid6: sse2x1   xor()  7717 MB/s
[    3.589043] raid6: sse2x2   gen() 12841 MB/s
[    3.656958] raid6: sse2x2   xor()  9142 MB/s
[    3.725040] raid6: avx2x1   gen() 23244 MB/s
[    3.793017] raid6: avx2x2   gen() 25249 MB/s
[    3.794003] raid6: using algorithm avx2x2 gen() 25249 MB/s
[    3.795162] raid6: using avx2x1 recovery algorithm
[    3.799382] xor: automatically using best checksumming function:
[    3.837037]    avx       : 24549.000 MB/sec
[    3.841196] async_tx: api initialized (async)
[    3.861790] md: raid6 personality registered for level 6
[    3.863223] md: raid5 personality registered for level 5
[    3.864384] md: raid4 personality registered for level 4
[    3.874840] md: raid10 personality registered for level 10
done.
Begin: Running /scripts/init-premount ... done.
Begin: Mounting root file system ... Begin: Running /scripts/local-top ... done.
Begin: Running /scripts/local-premount ... [    3.926721] Btrfs loaded
Scanning for Btrfs filesystems
done.
Begin: Will now check root file system ... fsck from util-linux 2.27.1
[/sbin/fsck.ext4 (1) -- /dev/sda1] fsck.ext4 -a -C0 /dev/sda1 
cloudimg-rootfs: clean, 79592/5120000 files, 784511/10485499 blocks
done.
[    4.360781] EXT4-fs (sda1): mounted filesystem with ordered data mode. Opts: (null)
done.
Begin: Running /scripts/local-bottom ... done.
Begin: Running /scripts/init-bottom ... done.
[    5.008024] systemd[1]: systemd 229 running in system mode. (+PAM +AUDIT +SELINUX +IMA +APPARMOR +SMACK +SYSVINIT +UTMP +LIBCRYPTSETUP +GCRYPT +GNUTLS +ACL +XZ -LZ4 +SECCOMP +BLKID +ELFUTILS +KMOD -IDN)
[    5.015171] systemd[1]: Detected virtualization oracle.
[    5.016897] systemd[1]: Detected architecture x86.
[    5.034191] random: nonblocking pool is initialized

Welcome to [1mUbuntu 16.04.7 LTS[0m!

[    5.056385] systemd[1]: Set hostname to <ubuntu-xenial>.
[    6.872504] systemd[1]: Created slice User and Session Slice.
[[0;32m  OK  [0m] Created slice User and Session Slice.
[    6.875342] systemd[1]: Listening on fsck to fsckd communication Socket.
[[0;32m  OK  [0m] Listening on fsck to fsckd communication Socket.
[    6.878483] systemd[1]: Started Trigger resolvconf update for networkd DNS.
[[0;32m  OK  [0m] Started Trigger resolvconf update for networkd DNS.
[    6.881589] systemd[1]: Listening on Device-mapper event daemon FIFOs.
[[0;32m  OK  [0m] Listening on Device-mapper event daemon FIFOs.
[    6.884609] systemd[1]: Listening on Journal Socket.
[[0;32m  OK  [0m] Listening on Journal Socket.
[    6.890880] systemd[1]: Listening on /dev/initctl Compatibility Named Pipe.
[[0;32m  OK  [0m] Listening on /dev/initctl Compatibility Named Pipe.
[    6.901815] systemd[1]: Listening on LVM2 metadata daemon socket.
[[0;32m  OK  [0m] Listening on LVM2 metadata daemon socket.
[    6.904178] systemd[1]: Listening on Journal Socket (/dev/log).
[[0;32m  OK  [0m] Listening on Journal Socket (/dev/log).
[    6.907440] systemd[1]: Reached target Encrypted Volumes.
[[0;32m  OK  [0m] Reached target Encrypted Volumes.
[    6.909993] systemd[1]: Set up automount Arbitrary Executable File Formats File System Automount Point.
[[0;32m  OK  [0m] Set up automount Arbitrary Executab...ats File System Automount Point.
[    6.913884] systemd[1]: Created slice System Slice.
[[0;32m  OK  [0m] Created slice System Slice.
[    6.925272] systemd[1]: Starting Nameserver information manager...
         Starting Nameserver information manager...
[    6.936542] systemd[1]: Mounting Huge Pages File System...
         Mounting Huge Pages File System...
[    6.956546] systemd[1]: Starting Set console keymap...
         Starting Set console keymap...
[    6.975352] systemd[1]: Created slice system-serial\x2dgetty.slice.
[[0;32m  OK  [0m] Created slice system-serial\x2dgetty.slice.
[    7.080590] systemd[1]: Starting Load Kernel Modules...
         Starting Load Kernel Modules...
[    7.090955] systemd[1]: Starting Uncomplicated firewall...
         Starting Uncomplicated firewall...
[    7.103943] systemd[1]: Starting Create list of required static device nodes for the current kernel...
         Starting Create list of required st... nodes for the current kernel...
[    7.112582] systemd[1]: Reached target Swap.
[[0;32m  OK  [0m] Reached target Swap.
[    7.117373] systemd[1]: Mounting POSIX Message Queue File System...
         Mounting POSIX Message Queue File System...
[    7.121146] systemd[1]: Reached target User and Group Name Lookups.
[[0;32m  OK  [0m] Reached target User and Group Name Lookups.
[    7.129778] systemd[1]: Listening on Journal Audit Socket.
[[0;32m  OK  [0m] Listening on Journal Audit Socket.
[    7.146226] systemd[1]: Starting Monitoring of LVM2 mirrors, snapshots etc. using dmeventd or progress polling...
         Starting Monitoring of LVM2 mirrors... dmeventd or progress polling...
[    7.158563] systemd[1]: Mounting Debug File System...
         Mounting Debug File System...
[    7.160501] systemd[1]: Listening on Syslog Socket.
[[0;32m  OK  [0m] Listening on Syslog Socket.
[    7.162948] systemd[1]: Starting Journal Service...
         Starting Journal Service...
[    7.164827] systemd[1]: Started Forward Password Requests to Wall Directory Watch.
[[0;32m  OK  [0m] Started Forward Password Requests to Wall Directory Watch.
[    7.167353] systemd[1]: Reached target System Time Synchronized.
[[0;32m  OK  [0m] Reached target System Time Synchronized.
[    7.170966] systemd[1]: Listening on udev Kernel Socket.
[[0;32m  OK  [0m] Listening on udev Kernel Socket.
[    7.174199] systemd[1]: Starting Remount Root and Kernel File Systems...
         Starting Remount Root and Kernel File Systems...
[    7.176791] systemd[1]: Reached target Slices.
[[0;32m  OK  [0m] Reached target Slices.
[    7.179179] systemd[1]: Listening on udev Control Socket.
[[0;32m  OK  [0m] Listening on udev Control Socket.
[    7.181390] systemd[1]: Listening on LVM2 poll daemon socket.
[[0;32m  OK  [0m] Listening on LVM2 poll daemon socket.
[    7.188887] EXT4-fs (sda1): re-mounted. Opts: (null)
[    7.195365] systemd[1]: Mounted Huge Pages File System.
[[0;32m  OK  [0m] Mounted Huge Pages File System.
[    7.205395] systemd[1]: Mounted POSIX Message Queue File System.
[[0;32m  OK  [0m] Mounted POSIX Message Queue File System.
[    7.213196] systemd[1]: Mounted Debug File System.
[[0;32m  OK  [0m] Mounted Debug File System.
[    7.216589] systemd[1]: Started Uncomplicated firewall.
[    7.217225] Loading iSCSI transport class v2.0-870.
[[0;32m  OK  [0m] Started Uncomplicated firewall.
[    7.221576] systemd[1]: Started Create list of required static device nodes for the current kernel.
[[0;32m  OK  [0m] Started Create list of required sta...ce nodes for the current kernel.
[    7.226492] systemd[1]: Started Remount Root and Kernel File Systems.
[[0;32m  OK  [0m] Started Remount Root and Kernel File Systems.
[    7.236282] systemd[1]: Started Nameserver information manager.
[[0;32m  OK  [0m] Started Nameserver information manager.
[    7.259920] iscsi: registered transport (tcp)
[    7.265149] systemd[1]: Starting Load/Save Random Seed...
         Starting Load/Save Random Seed...
[    7.313759] systemd[1]: Starting udev Coldplug all Devices...
         Starting udev Coldplug all Devices...
[    7.321617] systemd[1]: Starting Create Static Device Nodes in /dev...
         Starting Create Static Device Nodes in /dev...
[    7.326577] systemd[1]: Started Set console keymap.
[[0;32m  OK  [0m] Started Set console keymap.
[    7.334731] systemd[1]: Started Load/Save Random Seed.
[[0;32m  OK  [0m] Started Load/Save Random Seed.
[    7.343890] systemd[1]: Started LVM2 metadata daemon.
[[0;32m  OK  [0m] Started LVM2 metadata daemon.
[    7.370795] systemd[1]: Started Journal Service.
[[0;32m  OK  [0m] Started Journal Service.
         Starting Flush Journal to Persistent Storage...
[[0;32m  OK  [0m] Started udev Coldplug all Devices.
[    7.499765] iscsi: registered transport (iser)
[[0;32m  OK  [0m] Started Load Kernel Modules.
         Starting Apply Kernel Variables...
         Mounting FUSE Control File System...
[[0;32m  OK  [0m] Mounted FUSE Control File System.
[    7.559031] systemd-journald[402]: Received request to flush runtime journal from PID 1
[[0;32m  OK  [0m] Started Flush Journal to Persistent Storage.
[[0;32m  OK  [0m] Started Apply Kernel Variables.
[[0;32m  OK  [0m] Started Create Static Device Nodes in /dev.
         Starting udev Kernel Device Manager...
[[0;32m  OK  [0m] Started Monitoring of LVM2 mirrors,...ng dmeventd or progress polling.
[[0;32m  OK  [0m] Reached target Local File Systems (Pre).
[[0;32m  OK  [0m] Reached target Local File Systems.
         Starting Create Volatile Files and Directories...
         Starting Set console font and keymap...
         Starting LSB: AppArmor initialization...
         Starting Tell Plymouth To Write Out Runtime Data...
         Starting Initial cloud-init job (pre-networking)...
[[0;32m  OK  [0m] Started Tell Plymouth To Write Out Runtime Data.
[[0;32m  OK  [0m] Started Create Volatile Files and Directories.
         Starting Update UTMP about System Boot/Shutdown...
[[0;32m  OK  [0m] Started Update UTMP about System Boot/Shutdown.
[[0;32m  OK  [0m] Started udev Kernel Device Manager.
[[0;32m  OK  [0m] Started Dispatch Password Requests to Console Directory Watch.
[[0;32m  OK  [0m] Started Set console font and keymap.
[[0;32m  OK  [0m] Created slice system-getty.slice.
[[0;32m  OK  [0m] Found device /dev/ttyS0.
[[0;32m  OK  [0m] Listening on Load/Save RF Kill Switch Status /dev/rfkill Watch.
[[0;32m  OK  [0m] Found device 82540EM Gigabit Ethern...r (PRO/1000 MT Desktop Adapter).
[[0;32m  OK  [0m] Started LSB: AppArmor initialization.
         Starting Load AppArmor profiles managed internally by snapd...
[[0;32m  OK  [0m] Started Load AppArmor profiles managed internally by snapd.
[   16.992969] cloud-init[479]: Cloud-init v. 21.1-19-gbad84ad4-0ubuntu1~16.04.2 running 'init-local' at Fri, 20 May 2022 18:10:05 +0000. Up 14.06 seconds.
[[0;32m  OK  [0m] Started Initial cloud-init job (pre-networking).
[[0;32m  OK  [0m] Reached target Network (Pre).
[[0;32m  OK  [0m] Started ifup for enp0s3.
         Starting Raise network interfaces...
[[0;32m  OK  [0m] Started Raise network interfaces.
         Starting Initial cloud-init job (metadata service crawler)...
[[0;32m  OK  [0m] Reached target Network.
[   21.083877] cloud-init[985]: Cloud-init v. 21.1-19-gbad84ad4-0ubuntu1~16.04.2 running 'init' at Fri, 20 May 2022 18:10:09 +0000. Up 18.49 seconds.
[   21.096521] cloud-init[985]: ci-info: ++++++++++++++++++++++++++++++++++++++Net device info++++++++++++++++++++++++++++++++++++++
[   21.098204] cloud-init[985]: ci-info: +--------+------+----------------------------+---------------+--------+-------------------+
[   21.099887] cloud-init[985]: ci-info: | Device |  Up  |          Address           |      Mask     | Scope  |     Hw-Address    |
[   21.101578] cloud-init[985]: ci-info: +--------+------+----------------------------+---------------+--------+-------------------+
[   21.103177] cloud-init[985]: ci-info: | enp0s3 | True |         10.0.2.15          | 255.255.255.0 | global | 02:4c:f1:9f:ae:47 |
[   21.112473] cloud-init[985]: ci-info: | enp0s3 | True | fe80::4c:f1ff:fe9f:ae47/64 |       .       |  link  | 02:4c:f1:9f:ae:47 |
[   21.114120] cloud-init[985]: ci-info: |   lo   | True |         127.0.0.1          |   255.0.0.0   |  host  |         .         |
[   21.115789] cloud-init[985]: ci-info: |   lo   | True |          ::1/128           |       .       |  host  |         .         |
[   21.117894] cloud-init[985]: ci-info: +--------+------+----------------------------+---------------+--------+-------------------+
[   21.119416] cloud-init[985]: ci-info: +++++++++++++++++++++++++++Route IPv4 info++++++++++++++++++++++++++++
[   21.121248] cloud-init[985]: ci-info: +-------+-------------+----------+---------------+-----------+-------+
[   21.128562] cloud-init[985]: ci-info: | Route | Destination | Gateway  |    Genmask    | Interface | Flags |
[   21.136576] cloud-init[985]: ci-info: +-------+-------------+----------+---------------+-----------+-------+
[   21.137924] cloud-init[985]: ci-info: |   0   |   0.0.0.0   | 10.0.2.2 |    0.0.0.0    |   enp0s3  |   UG  |[[0;32m  OK  [0m] Started Initial cloud-init job (metadata service crawler).
[[0;32m  OK  [0m] Reached target Cloud-config availability.
[[0;32m  OK  [0m] Reached target Network is Online.

[   21.141656] cloud-init[985]: ci-info: |   1   |   10.0.2.0  | 0.0.0.0  | 255.255.255.0 |   enp0s3  |   U   |
[   21.143366] cloud-init[985]: ci-info: +-------+-------------+----------+---------------+-----------+-------+
[   21.144915] cloud-init[985]: ci-info: +++++++++++++++++++Route IPv6 info+++++++++++++++++++
[   21.154680]          Starting iSCSI initiator daemon (iscsid)...
cloud-init[985]: ci-info: +-------+-------------+---------+-----------+-------+
[[0;32m  OK  [0m] Reached target System Initialization.
[   21.164530] [[0;32m  OK  [0m] Listening on ACPID Listen Socket.
cloud-init[985]: ci-info: | Route | Destination | Gateway | Interface | Flags |
[   21.166062] cloud-init[985]: ci-info: +-------+-------------+---------+-----------+-------+
[   21.177363] cloud-init[985]: ci-info: |   0   |  fe80::/64  |    ::   |   enp0s3  |   U   |
[   21.188839] cloud-init[985]: ci-info: |   4   |   ff00::/8  |    ::   |   enp0s3  |   U   |
[[0;32m  OK  [0m] Started ACPI Events Check.
[   21.190554] cloud-init[985]: ci-info: +-------+-------------+---------+-----------+-------+
[[0;32m  OK  [0m] Started Message of the Day.
[[0;32m  OK  [0m] Started Daily apt download activities.
         Starting LXD - unix socket.
[[0;32m  OK  [0m] Started Trigger to poll for Ubuntu ...nly enabled on GCP LTS non-pro).
[[0;32m  OK  [0m] Reached target Paths.
[[0;32m  OK  [0m] Started Daily apt upgrade and clean activities.
         Starting Socket activation for snappy daemon.
[[0;32m  OK  [0m] Started Ubuntu Advantage Timer for running repeated jobs.
[[0;32m  OK  [0m] Listening on D-Bus System Message Bus Socket.
[[0;32m  OK  [0m] Started Daily Cleanup of Temporary Directories.
[[0;32m  OK  [0m] Reached target Timers.
[[0;32m  OK  [0m] Listening on UUID daemon activation socket.
[[0;32m  OK  [0m] Listening on LXD - unix socket.
[[0;32m  OK  [0m] Listening on Socket activation for snappy daemon.
[[0;32m  OK  [0m] Reached target Sockets.
[[0;32m  OK  [0m] Reached target Basic System.
[[0;32m  OK  [0m] Started Deferred execution scheduler.
         Starting /etc/rc.local Compatibility...
         Starting LSB: Record successful boot for GRUB...
[[0;32m  OK  [0m] Started Regular background program processing daemon.
         Starting LXD - container startup/shutdown...
[[0;32m  OK  [0m] Started D-Bus System Message Bus.
         Starting Login Service...
[[0;32m  OK  [0m] Started ACPI event daemon.
         Starting System Logging Service...
         Starting LSB: MD monitoring daemon...
         Starting MySQL Community Server...
         Starting Accounts Service...
         Starting vboxadd.service...
[[0;32m  OK  [0m] Started FUSE filesystem for LXC.
         Starting OpenBSD Secure Shell server...
         Starting Snap Daemon...
[[0;32m  OK  [0m] Started iSCSI initiator daemon (iscsid).
[[0;32m  OK  [0m] Started /etc/rc.local Compatibility.
         Starting Login to default iSCSI targets...
[[0;32m  OK  [0m] Started Login Service.
[[0;32m  OK  [0m] Started Unattended Upgrades Shutdown.
[[0;32m  OK  [0m] Started LSB: Record successful boot for GRUB.
[[0;32m  OK  [0m] Started Login to default iSCSI targets.
[[0;32m  OK  [0m] Reached target Remote File Systems (Pre).
         Mounting /vagrant...
[[0;32m  OK  [0m] Started System Logging Service.
[[0;32m  OK  [0m] Started LSB: MD monitoring daemon.
[[0;1;31mFAILED[0m] Failed to mount /vagrant.
See 'systemctl status vagrant.mount' for details.
[[0;1;33mDEPEND[0m] Dependency failed for Remote File Systems.
         Starting Permit User Sessions...
         Starting LSB: daemon to balance interrupts for SMP systems...
         Starting LSB: automatic crash report generation...
         Starting LSB: Set the CPU Frequency Scaling governor to "ondemand"...
[[0;32m  OK  [0m] Started LSB: Set the CPU Frequency Scaling governor to "ondemand".
[[0;32m  OK  [0m] Started Permit User Sessions.
         Starting Hold until boot process finishes up...
         Starting Terminate Plymouth Boot Screen...
[[0;32m  OK  [0m] Started Hold until boot process finishes up.
[[0;32m  OK  [0m] Started Terminate Plymouth Boot Screen.
         Starting Set console scheme...
[[0;32m  OK  [0m] Started Getty on tty1.
[[0;32m  OK  [0m] Started Serial Getty on ttyS0.
[[0;32m  OK  [0m] Reached target Login Prompts.
[[0;32m  OK  [0m] Started Set console scheme.
[[0;32m  OK  [0m] Started LSB: daemon to balance interrupts for SMP systems.
[[0;32m  OK  [0m] Started LSB: automatic crash report generation.
[[0;32m  OK  [0m] Started OpenBSD Secure Shell server.
         Starting Authenticate and Authorize Users to Run Privileged Tasks...
[[0;32m  OK  [0m] Started LXD - container startup/shutdown.
[[0;32m  OK  [0m] Started Authenticate and Authorize Users to Run Privileged Tasks.
[[0;32m  OK  [0m] Started Accounts Service.
[[0;32m  OK  [0m] Created slice User Slice of vagrant.
         Starting User Manager for UID 1000...
[[0;32m  OK  [0m] Started Session 1 of user vagrant.
[[0;32m  OK  [0m] Started User Manager for UID 1000.
[[0;32m  OK  [0m] Started Snap Daemon.
         Starting Wait until snapd is fully seeded...
[[0;32m  OK  [0m] Started Wait until snapd is fully seeded.
         Starting Apply the settings specified in cloud-config...
[   29.712851] cloud-init[1295]: Cloud-init v. 21.1-19-gbad84ad4-0ubuntu1~16.04.2 running 'modules:config' at Fri, 20 May 2022 18:10:20 +0000. Up 29.19 seconds.

Ubuntu 16.04.7 LTS ubuntu-xenial ttyS0

ubuntu-xenial login: [   36.199973] cloud-init[1582]: Cloud-init v. 21.1-19-gbad84ad4-0ubuntu1~16.04.2 running 'modules:final' at Fri, 20 May 2022 18:10:27 +0000. Up 35.85 seconds.
[   36.201124] cloud-init[1582]: Cloud-init v. 21.1-19-gbad84ad4-0ubuntu1~16.04.2 finished at Fri, 20 May 2022 18:10:27 +0000. Datasource DataSourceNoCloud [seed=/dev/sdb][dsmode=net].  Up 36.16 seconds
